// Jest Snapshot v1, https://goo.gl/fbAQLP

exports[`Previous and Next date operations should render proper sql query on:
        - Both Previous and Next operators
        - All kind of date components
        - Including and excluding the current date component
      should check the shift amount text field,
      should check the proper filter description render
  : Previous operator by Days should be default one 1`] = `
"SELECT
  *
FROM
  \\"orders\\"
LIMIT 2000
"
`;
